[11:16:51] [main/INFO]: ModLauncher running: args [--mod, onlyexcavators, --all, --output, D:\Programmazione\Mod\Only Excavators\NEOFORGE\1.21.5\src\generated\resources, --existing, D:\Programmazione\Mod\Only Excavators\NEOFORGE\1.21.5\src\main\resources, --launchTarget, neoforgeclientdatadev, --assetIndex, asset-index, --assetsDir, C:\Users\rosar\.gradle\caches\minecraft\assets, --fml.fmlVersion, 7.0.10, --fml.mcVersion, 1.21.5, --fml.neoForgeVersion, 21.5.55-beta, --fml.neoFormVersion, 20250325.162830]
[11:16:51] [main/INFO]: JVM identified as Amazon.com Inc. OpenJDK 64-Bit Server VM 21.0.6+7-LTS
[11:16:51] [main/INFO]: ModLauncher 11.0.4+main.d2e20e43 starting: java version 21.0.6 by Amazon.com Inc.; OS Windows 11 arch amd64 version 10.0
[11:16:51] [main/INFO]: ImmediateWindowProvider not loading because launch target is neoforgeclientdatadev
[11:16:51] [main/INFO]: SpongePowered MIXIN Subsystem Version=0.8.7 Source=union:/C:/Users/rosar/.gradle/caches/modules-2/files-2.1/net.fabricmc/sponge-mixin/0.15.2+mixin.0.8.7/2af2f021d8e02a0220dc27a7a72b4666d66d44ca/sponge-mixin-0.15.2+mixin.0.8.7.jar%23166!/ Service=ModLauncher Env=CLIENT
[11:16:51] [main/INFO]: Found mod file "neoforge-21.5.55-beta.jar" [locator: neoforge devenv provider ([D:\Programmazione\Mod\Only Excavators\NEOFORGE\1.21.5\.gradle\repositories\ng_dummy_ng\net\neoforged\neoforge\21.5.55-beta\neoforge-21.5.55-beta.jar])]
[11:16:51] [main/INFO]: Found mod file "neoforge-21.5.55-beta.jar" [locator: neoforge devenv provider ([D:\Programmazione\Mod\Only Excavators\NEOFORGE\1.21.5\.gradle\repositories\ng_dummy_ng\net\neoforged\neoforge\21.5.55-beta\neoforge-21.5.55-beta.jar])]
[11:16:51] [main/INFO]: Found mod file "main" [locator: userdev mods and services, reader: mod manifest]
[11:16:51] [main/INFO]: Found mod file "neoforge-21.5.55-beta.jar" [locator: userdev mods and services, reader: mod manifest]
[11:16:51] [main/INFO]: Found mod file "RoughlyEnoughItems-neoforge-19.0.806.jar" [locator: userdev mods and services, reader: mod manifest]
[11:16:51] [main/INFO]: Found mod file "cloth-config-neoforge-18.0.145-neoforge.jar" [locator: userdev mods and services, reader: mod manifest]
[11:16:51] [main/INFO]: Found mod file "architectury-neoforge-16.1.4.jar" [locator: userdev mods and services, reader: mod manifest]
[11:16:51] [main/INFO]: Found gamelibrary file "mixinextras-neoforge-0.4.1.jar" [locator: userdev mods and services, reader: mod manifest]
[11:16:51] [main/WARN]: Attempted to select a dependency jar for JarJar which was passed in as source: library:mixinextras.neoforge. Using Mod File: C:\Users\rosar\.gradle\caches\modules-2\files-2.1\io.github.llamalad7\mixinextras-neoforge\0.4.1\eff97772ecd0dcf8e52cdbafd3b3ccec425f8314\mixinextras-neoforge-0.4.1.jar
[11:16:51] [main/INFO]: Found 1 dependencies adding them to mods collection
[11:16:51] [main/INFO]: Found library file "net.neoforged.neoforge-coremods-21.5.55-beta.jar" [parent: neoforge-21.5.55-beta.jar, locator: jarinjar, reader: mod manifest]
[11:16:51] [main/INFO]: 
     Mod List:
		Name Version (Mod Id)

		Architectury 16.1.4 (architectury)
		Cloth Config v17 API 18.0.145 (cloth_config)
		Minecraft 1.21.5 (minecraft)
		NeoForge 21.5.55-beta (neoforge)
		OnlyExcavators 1.21.5-1.0.0 (onlyexcavators)
		Roughly Enough Items (REI) 19.0.806 (roughlyenoughitems)
[11:16:52] [main/INFO]: Launching target 'neoforgeclientdatadev' with arguments [--assetsDir, C:\Users\rosar\.gradle\caches\minecraft\assets, --mod, onlyexcavators, --all, --output, D:\Programmazione\Mod\Only Excavators\NEOFORGE\1.21.5\src\generated\resources, --existing, D:\Programmazione\Mod\Only Excavators\NEOFORGE\1.21.5\src\main\resources, --assetIndex, asset-index]
[06set2025 11:16:52.610] [main/WARN] [mixin/]: Reference map 'onlyexcavators.refmap.json' for onlyexcavators.mixins.json could not be read. If this is a development environment you can ignore this message
[06set2025 11:16:53.339] [main/INFO] [MixinExtras|Service/]: Initializing MixinExtras via com.llamalad7.mixinextras.service.MixinExtrasServiceImpl(version=0.4.1).
[06set2025 11:16:58.037] [main/INFO] [net.neoforged.neoforge.data.loading.DatagenModLoader/]: Initializing Data Gatherer for mods [onlyexcavators]
[06set2025 11:16:58.102] [modloading-worker-0/INFO] [net.neoforged.neoforge.common.NeoForgeMod/NEOFORGE-MOD]: NeoForge mod loading, version 21.5.55-beta, for MC 1.21.5
[06set2025 11:16:58.487] [main/WARN] [net.minecraft.server.packs.VanillaPackResourcesBuilder/]: Assets URL 'union:/D:/Programmazione/Mod/Only%20Excavators/NEOFORGE/1.21.5/.gradle/repositories/ng_dummy_ng/net/neoforged/neoforge/21.5.55-beta/neoforge-21.5.55-beta.jar%23221!/assets/.mcassetsroot' uses unexpected schema
[06set2025 11:16:58.488] [main/WARN] [net.minecraft.server.packs.VanillaPackResourcesBuilder/]: Assets URL 'union:/D:/Programmazione/Mod/Only%20Excavators/NEOFORGE/1.21.5/.gradle/repositories/ng_dummy_ng/net/neoforged/neoforge/21.5.55-beta/neoforge-21.5.55-beta.jar%23221!/data/.mcassetsroot' uses unexpected schema
[06set2025 11:16:58.819] [main/INFO] [net.minecraft.data.DataGenerator/]: Starting provider: Model Definitions - onlyexcavators
[06set2025 11:16:58.865] [main/INFO] [net.minecraft.data.DataGenerator/]: Model Definitions - onlyexcavators finished after 44 ms
[06set2025 11:16:58.865] [main/INFO] [net.minecraft.data.DataGenerator/]: Starting provider: Tags for minecraft:block mod id onlyexcavators
[06set2025 11:16:58.867] [main/INFO] [net.minecraft.data.DataGenerator/]: Tags for minecraft:block mod id onlyexcavators finished after 1 ms
[06set2025 11:16:58.867] [main/INFO] [net.minecraft.data.DataGenerator/]: Starting provider: Tags for minecraft:item mod id onlyexcavators
[06set2025 11:16:58.877] [main/INFO] [net.minecraft.data.DataGenerator/]: Tags for minecraft:item mod id onlyexcavators finished after 10 ms
[06set2025 11:16:58.878] [main/INFO] [net.minecraft.data.DataGenerator/]: Starting provider: Recipes
[06set2025 11:16:58.918] [main/INFO] [net.minecraft.data.DataGenerator/]: Recipes finished after 39 ms
[06set2025 11:16:58.918] [main/INFO] [net.minecraft.data.DataGenerator/]: All providers took: 98 ms
[06set2025 11:16:58.926] [main/INFO] [net.minecraft.data.HashCache/]: Caching: total files: 62, old count: 58, new count: 63, removed stale: 0, written: 4
