[20:44:17] [main/INFO]: ModLauncher running: args [--launchTarget, neoforgeclientdev, --version, 21.5.55-beta, --assetIndex, asset-index, --assetsDir, C:\Users\rosar\.gradle\caches\minecraft\assets, --fml.fmlVersion, 7.0.10, --fml.mcVersion, 1.21.5, --fml.neoForgeVersion, 21.5.55-beta, --fml.neoFormVersion, 20250325.162830]
[20:44:17] [main/INFO]: JVM identified as Amazon.com Inc. OpenJDK 64-Bit Server VM 21.0.6+7-LTS
[20:44:17] [main/INFO]: ModLauncher 11.0.4+main.d2e20e43 starting: java version 21.0.6 by Amazon.com Inc.; OS Windows 11 arch amd64 version 10.0
[20:44:17] [main/INFO]: Loading ImmediateWindowProvider fmlearlywindow
[20:44:18] [main/INFO]: SpongePowered MIXIN Subsystem Version=0.8.7 Source=union:/C:/Users/rosar/.gradle/caches/modules-2/files-2.1/net.fabricmc/sponge-mixin/0.15.2+mixin.0.8.7/2af2f021d8e02a0220dc27a7a72b4666d66d44ca/sponge-mixin-0.15.2+mixin.0.8.7.jar%23166!/ Service=ModLauncher Env=CLIENT
[20:44:18] [pool-2-thread-1/INFO]: GL info: Intel(R) UHD Graphics GL version 3.2.0 - Build 31.0.101.5592, Intel
[20:44:18] [main/INFO]: Found mod file "neoforge-21.5.55-beta.jar" [locator: neoforge devenv provider ([D:\Programmazione\Mod\Only Excavators\NEOFORGE\1.21.5\.gradle\repositories\ng_dummy_ng\net\neoforged\neoforge\21.5.55-beta\neoforge-21.5.55-beta.jar])]
[20:44:18] [main/INFO]: Found mod file "neoforge-21.5.55-beta.jar" [locator: neoforge devenv provider ([D:\Programmazione\Mod\Only Excavators\NEOFORGE\1.21.5\.gradle\repositories\ng_dummy_ng\net\neoforged\neoforge\21.5.55-beta\neoforge-21.5.55-beta.jar])]
[20:44:18] [main/INFO]: Found mod file "main" [locator: userdev mods and services, reader: mod manifest]
[20:44:18] [main/INFO]: Found mod file "neoforge-21.5.55-beta.jar" [locator: userdev mods and services, reader: mod manifest]
[20:44:18] [main/INFO]: Found mod file "RoughlyEnoughItems-neoforge-19.0.806.jar" [locator: userdev mods and services, reader: mod manifest]
[20:44:18] [main/INFO]: Found mod file "cloth-config-neoforge-18.0.145-neoforge.jar" [locator: userdev mods and services, reader: mod manifest]
[20:44:18] [main/INFO]: Found mod file "architectury-neoforge-16.1.4.jar" [locator: userdev mods and services, reader: mod manifest]
[20:44:18] [main/INFO]: Found gamelibrary file "mixinextras-neoforge-0.4.1.jar" [locator: userdev mods and services, reader: mod manifest]
[20:44:18] [main/WARN]: Attempted to select a dependency jar for JarJar which was passed in as source: library:mixinextras.neoforge. Using Mod File: C:\Users\rosar\.gradle\caches\modules-2\files-2.1\io.github.llamalad7\mixinextras-neoforge\0.4.1\eff97772ecd0dcf8e52cdbafd3b3ccec425f8314\mixinextras-neoforge-0.4.1.jar
[20:44:18] [main/INFO]: Found 1 dependencies adding them to mods collection
[20:44:18] [main/INFO]: Found library file "net.neoforged.neoforge-coremods-21.5.55-beta.jar" [parent: neoforge-21.5.55-beta.jar, locator: jarinjar, reader: mod manifest]
[20:44:18] [main/INFO]: 
     Mod List:
		Name Version (Mod Id)

		Architectury 16.1.4 (architectury)
		Cloth Config v17 API 18.0.145 (cloth_config)
		Minecraft 1.21.5 (minecraft)
		NeoForge 21.5.55-beta (neoforge)
		OnlyExcavators 1.21.5-0.7 (onlyexcavators)
		Roughly Enough Items (REI) 19.0.806 (roughlyenoughitems)
[20:44:19] [main/INFO]: Launching target 'neoforgeclientdev' with arguments [--version, 21.5.55-beta, --assetsDir, C:\Users\rosar\.gradle\caches\minecraft\assets, --assetIndex, asset-index]
[12giu2025 20:44:19.497] [main/WARN] [mixin/]: Reference map 'onlyexcavators.refmap.json' for onlyexcavators.mixins.json could not be read. If this is a development environment you can ignore this message
[12giu2025 20:44:22.095] [pool-10-thread-1/INFO] [MixinExtras|Service/]: Initializing MixinExtras via com.llamalad7.mixinextras.service.MixinExtrasServiceImpl(version=0.4.1).
[12giu2025 20:44:22.751] [Datafixer Bootstrap/INFO] [com.mojang.datafixers.DataFixerBuilder/]: 266 Datafixer optimizations took 1450 milliseconds
[12giu2025 20:44:27.641] [main/WARN] [net.minecraft.commands.Commands/]: Ambiguity between arguments [teleport, location] and [teleport, destination] with inputs: [0.1 -0.5 .9, 0 0 0]
[12giu2025 20:44:27.642] [main/WARN] [net.minecraft.commands.Commands/]: Ambiguity between arguments [teleport, location] and [teleport, targets] with inputs: [0.1 -0.5 .9, 0 0 0]
[12giu2025 20:44:27.644] [main/WARN] [net.minecraft.commands.Commands/]: Ambiguity between arguments [teleport, destination] and [teleport, targets] with inputs: [Player, 0123, @e, dd12be42-52a9-4a91-a8a1-11c01849e498]
[12giu2025 20:44:27.645] [main/WARN] [net.minecraft.commands.Commands/]: Ambiguity between arguments [teleport, targets] and [teleport, destination] with inputs: [Player, 0123, dd12be42-52a9-4a91-a8a1-11c01849e498]
[12giu2025 20:44:27.645] [main/WARN] [net.minecraft.commands.Commands/]: Ambiguity between arguments [teleport, targets, location] and [teleport, targets, destination] with inputs: [0.1 -0.5 .9, 0 0 0]
[12giu2025 20:44:27.737] [modloading-worker-0/INFO] [net.neoforged.neoforge.common.NeoForgeMod/NEOFORGE-MOD]: NeoForge mod loading, version 21.5.55-beta, for MC 1.21.5
[12giu2025 20:44:27.943] [modloading-worker-0/INFO] [REI/]: [REI] Config loaded
[12giu2025 20:44:28.019] [modloading-worker-0/INFO] [REI/]: [REI] Registered plugin provider DefaultPluginImpl [roughlyenoughitems] for REICommonPlugin
[12giu2025 20:44:28.021] [modloading-worker-0/INFO] [REI/]: [REI] Registered plugin provider DefaultRuntimePlugin [roughlyenoughitems] for REICommonPlugin
[12giu2025 20:44:28.050] [modloading-worker-0/INFO] [REI/]: [REI] Registered plugin provider DefaultClientPluginImpl [roughlyenoughitems] for REIClientPlugin
[12giu2025 20:44:28.056] [modloading-worker-0/INFO] [REI/]: [REI] Registered plugin provider DefaultClientRuntimePlugin [roughlyenoughitems] for REIClientPlugin
[12giu2025 20:44:28.058] [modloading-worker-0/INFO] [REI/]: [REI] Registered plugin provider HideIngredientsFromTagsPlugin [roughlyenoughitems] for REIClientPlugin
[12giu2025 20:44:28.349] [Render thread/WARN] [net.minecraft.server.packs.VanillaPackResourcesBuilder/]: Assets URL 'union:/D:/Programmazione/Mod/Only%20Excavators/NEOFORGE/1.21.5/.gradle/repositories/ng_dummy_ng/net/neoforged/neoforge/21.5.55-beta/neoforge-21.5.55-beta.jar%23221!/assets/.mcassetsroot' uses unexpected schema
[12giu2025 20:44:28.350] [Render thread/WARN] [net.minecraft.server.packs.VanillaPackResourcesBuilder/]: Assets URL 'union:/D:/Programmazione/Mod/Only%20Excavators/NEOFORGE/1.21.5/.gradle/repositories/ng_dummy_ng/net/neoforged/neoforge/21.5.55-beta/neoforge-21.5.55-beta.jar%23221!/data/.mcassetsroot' uses unexpected schema
[12giu2025 20:44:28.407] [Render thread/INFO] [com.mojang.authlib.yggdrasil.YggdrasilAuthenticationService/]: Environment: Environment[sessionHost=https://sessionserver.mojang.com, servicesHost=https://api.minecraftservices.com, name=PROD]
[12giu2025 20:44:28.415] [Render thread/INFO] [net.minecraft.client.Minecraft/]: Setting user: Dev
[12giu2025 20:44:28.578] [Render thread/INFO] [net.minecraft.client.Minecraft/]: Backend library: LWJGL version 3.3.3+5
[12giu2025 20:44:28.751] [Render thread/INFO] [net.minecraft.client.Minecraft/]: Using optional rendering extensions: GL_KHR_debug, GL_ARB_vertex_attrib_binding, GL_ARB_direct_state_access
[12giu2025 20:44:29.425] [Render thread/INFO] [net.minecraft.server.packs.resources.ReloadableResourceManager/]: Reloading ResourceManager: vanilla, mod_resources, mod/roughlyenoughitems, mod/cloth_config, mod/architectury, mod/onlyexcavators, mod/neoforge
[12giu2025 20:44:29.487] [Download-1/INFO] [com.mojang.realmsclient.client.RealmsClient/]: Could not authorize you against Realms server: java.lang.RuntimeException: Failed to parse into SignedJWT: 0
[12giu2025 20:44:29.491] [Download-1/ERROR] [com.mojang.realmsclient.client.RealmsClient/]: Failed to fetch Realms feature flags
com.mojang.realmsclient.exception.RealmsServiceException: Realms authentication error with message 'java.lang.RuntimeException: Failed to parse into SignedJWT: 0'
	at TRANSFORMER/minecraft@1.21.5/com.mojang.realmsclient.client.RealmsClient.execute(RealmsClient.java:469) ~[neoforge-21.5.55-beta.jar%23221!/:?]
	at TRANSFORMER/minecraft@1.21.5/com.mojang.realmsclient.client.RealmsClient.fetchFeatureFlags(RealmsClient.java:151) ~[neoforge-21.5.55-beta.jar%23221!/:?]
	at java.base/java.util.concurrent.CompletableFuture$AsyncSupply.run(CompletableFuture.java:1768) ~[?:?]
	at java.base/java.util.concurrent.ThreadPoolExecutor.runWorker(ThreadPoolExecutor.java:1144) ~[?:?]
	at java.base/java.util.concurrent.ThreadPoolExecutor$Worker.run(ThreadPoolExecutor.java:642) ~[?:?]
	at java.base/java.lang.Thread.run(Thread.java:1583) [?:?]
[12giu2025 20:44:29.569] [resourceLoad/INFO] [net.minecraft.client.gui.font.providers.UnihexProvider/]: Found unifont_all_no_pua-15.1.05.hex, loading
[12giu2025 20:44:29.579] [resourceLoad/INFO] [net.minecraft.client.gui.font.providers.UnihexProvider/]: Found unifont_jp_patch-15.1.05.hex, loading
[12giu2025 20:44:30.864] [Render thread/WARN] [com.mojang.blaze3d.opengl.GlProgram/]: Found unknown and unsupported uniform Sampler1 in minecraft:pipeline/armor_translucent
[12giu2025 20:44:30.871] [Render thread/WARN] [com.mojang.blaze3d.opengl.GlProgram/]: Found unknown and unsupported uniform Sampler1 in minecraft:pipeline/breeze_wind
[12giu2025 20:44:30.887] [Render thread/WARN] [com.mojang.blaze3d.opengl.GlProgram/]: Found unknown and unsupported uniform Sampler1 in minecraft:pipeline/entity_no_outline
[12giu2025 20:44:30.923] [Render thread/WARN] [com.mojang.blaze3d.opengl.GlProgram/]: Found unknown and unsupported uniform Sampler1 in minecraft:pipeline/armor_decal_cutout_no_cull
[12giu2025 20:44:30.927] [Render thread/WARN] [com.mojang.blaze3d.opengl.GlProgram/]: Found unknown and unsupported uniform Sampler1 in minecraft:pipeline/armor_cutout_no_cull
[12giu2025 20:44:30.933] [Render thread/WARN] [com.mojang.blaze3d.opengl.GlProgram/]: Found unknown and unsupported uniform Sampler1 in minecraft:pipeline/eyes
[12giu2025 20:44:30.933] [Render thread/WARN] [com.mojang.blaze3d.opengl.GlProgram/]: Found unknown and unsupported uniform Sampler2 in minecraft:pipeline/eyes
[12giu2025 20:44:30.940] [Render thread/WARN] [com.mojang.blaze3d.opengl.GlProgram/]: Found unknown and unsupported uniform Sampler1 in minecraft:pipeline/energy_swirl
[12giu2025 20:44:30.941] [Render thread/WARN] [com.mojang.blaze3d.opengl.GlProgram/]: Found unknown and unsupported uniform Sampler2 in minecraft:pipeline/energy_swirl
[12giu2025 20:44:30.952] [Render thread/ERROR] [net.minecraft.client.sounds.SoundManager/]: Missing subtitle translation{key='subtitles.entity.wolf.ambient', args=[]} for sound event: minecraft:entity.wolf.ambient
[12giu2025 20:44:30.953] [Render thread/ERROR] [net.minecraft.client.sounds.SoundManager/]: Missing subtitle translation{key='subtitles.entity.wolf.ambient', args=[]} for sound event: minecraft:entity.wolf.pant
[12giu2025 20:44:30.953] [Render thread/ERROR] [net.minecraft.client.sounds.SoundManager/]: Missing subtitle translation{key='subtitles.entity.wolf.ambient', args=[]} for sound event: minecraft:entity.wolf.whine
[12giu2025 20:44:30.953] [Render thread/ERROR] [net.minecraft.client.sounds.SoundManager/]: Missing subtitle translation{key='subtitles.ambient.cave', args=[]} for sound event: minecraft:ambient.cave
[12giu2025 20:44:30.953] [Render thread/WARN] [net.minecraft.client.sounds.SoundEngine/]: Missing sound for event: minecraft:ui.hud.bubble_pop
[12giu2025 20:44:30.953] [Render thread/WARN] [net.minecraft.client.sounds.SoundEngine/]: Missing sound for event: minecraft:block.cactus_flower.break
[12giu2025 20:44:30.953] [Render thread/WARN] [net.minecraft.client.sounds.SoundEngine/]: Missing sound for event: minecraft:block.cactus_flower.place
[12giu2025 20:44:30.954] [Render thread/WARN] [net.minecraft.client.sounds.SoundEngine/]: Missing sound for event: minecraft:entity.creaking.ambient
[12giu2025 20:44:30.954] [Render thread/WARN] [net.minecraft.client.sounds.SoundEngine/]: Missing sound for event: minecraft:entity.creaking.activate
[12giu2025 20:44:30.954] [Render thread/WARN] [net.minecraft.client.sounds.SoundEngine/]: Missing sound for event: minecraft:entity.creaking.deactivate
[12giu2025 20:44:30.954] [Render thread/WARN] [net.minecraft.client.sounds.SoundEngine/]: Missing sound for event: minecraft:entity.creaking.attack
[12giu2025 20:44:30.954] [Render thread/WARN] [net.minecraft.client.sounds.SoundEngine/]: Missing sound for event: minecraft:entity.creaking.death
[12giu2025 20:44:30.954] [Render thread/WARN] [net.minecraft.client.sounds.SoundEngine/]: Missing sound for event: minecraft:entity.creaking.step
[12giu2025 20:44:30.954] [Render thread/WARN] [net.minecraft.client.sounds.SoundEngine/]: Missing sound for event: minecraft:entity.creaking.freeze
[12giu2025 20:44:30.954] [Render thread/WARN] [net.minecraft.client.sounds.SoundEngine/]: Missing sound for event: minecraft:entity.creaking.unfreeze
[12giu2025 20:44:30.954] [Render thread/WARN] [net.minecraft.client.sounds.SoundEngine/]: Missing sound for event: minecraft:entity.creaking.spawn
[12giu2025 20:44:30.954] [Render thread/WARN] [net.minecraft.client.sounds.SoundEngine/]: Missing sound for event: minecraft:entity.creaking.sway
[12giu2025 20:44:30.954] [Render thread/WARN] [net.minecraft.client.sounds.SoundEngine/]: Missing sound for event: minecraft:entity.creaking.twitch
[12giu2025 20:44:30.954] [Render thread/WARN] [net.minecraft.client.sounds.SoundEngine/]: Missing sound for event: minecraft:block.creaking_heart.break
[12giu2025 20:44:30.954] [Render thread/WARN] [net.minecraft.client.sounds.SoundEngine/]: Missing sound for event: minecraft:block.creaking_heart.fall
[12giu2025 20:44:30.954] [Render thread/WARN] [net.minecraft.client.sounds.SoundEngine/]: Missing sound for event: minecraft:block.creaking_heart.hit
[12giu2025 20:44:30.954] [Render thread/WARN] [net.minecraft.client.sounds.SoundEngine/]: Missing sound for event: minecraft:block.creaking_heart.hurt
[12giu2025 20:44:30.954] [Render thread/WARN] [net.minecraft.client.sounds.SoundEngine/]: Missing sound for event: minecraft:block.creaking_heart.place
[12giu2025 20:44:30.954] [Render thread/WARN] [net.minecraft.client.sounds.SoundEngine/]: Missing sound for event: minecraft:block.creaking_heart.step
[12giu2025 20:44:30.955] [Render thread/WARN] [net.minecraft.client.sounds.SoundEngine/]: Missing sound for event: minecraft:block.creaking_heart.idle
[12giu2025 20:44:30.955] [Render thread/WARN] [net.minecraft.client.sounds.SoundEngine/]: Missing sound for event: minecraft:block.creaking_heart.spawn
[12giu2025 20:44:30.955] [Render thread/WARN] [net.minecraft.client.sounds.SoundEngine/]: Missing sound for event: minecraft:block.deadbush.idle
[12giu2025 20:44:30.955] [Render thread/WARN] [net.minecraft.client.sounds.SoundEngine/]: Missing sound for event: minecraft:block.eyeblossom.open_long
[12giu2025 20:44:30.955] [Render thread/WARN] [net.minecraft.client.sounds.SoundEngine/]: Missing sound for event: minecraft:block.eyeblossom.open
[12giu2025 20:44:30.955] [Render thread/WARN] [net.minecraft.client.sounds.SoundEngine/]: Missing sound for event: minecraft:block.eyeblossom.close_long
[12giu2025 20:44:30.955] [Render thread/WARN] [net.minecraft.client.sounds.SoundEngine/]: Missing sound for event: minecraft:block.eyeblossom.close
[12giu2025 20:44:30.955] [Render thread/WARN] [net.minecraft.client.sounds.SoundEngine/]: Missing sound for event: minecraft:block.eyeblossom.idle
[12giu2025 20:44:30.955] [Render thread/WARN] [net.minecraft.client.sounds.SoundEngine/]: Missing sound for event: minecraft:block.firefly_bush.idle
[12giu2025 20:44:30.955] [Render thread/WARN] [net.minecraft.client.sounds.SoundEngine/]: Missing sound for event: minecraft:block.iron.break
[12giu2025 20:44:30.955] [Render thread/WARN] [net.minecraft.client.sounds.SoundEngine/]: Missing sound for event: minecraft:block.iron.step
[12giu2025 20:44:30.955] [Render thread/WARN] [net.minecraft.client.sounds.SoundEngine/]: Missing sound for event: minecraft:block.iron.place
[12giu2025 20:44:30.955] [Render thread/WARN] [net.minecraft.client.sounds.SoundEngine/]: Missing sound for event: minecraft:block.iron.hit
[12giu2025 20:44:30.955] [Render thread/WARN] [net.minecraft.client.sounds.SoundEngine/]: Missing sound for event: minecraft:block.iron.fall
[12giu2025 20:44:30.955] [Render thread/WARN] [net.minecraft.client.sounds.SoundEngine/]: Missing sound for event: minecraft:block.leaf_litter.break
[12giu2025 20:44:30.955] [Render thread/WARN] [net.minecraft.client.sounds.SoundEngine/]: Missing sound for event: minecraft:block.leaf_litter.step
[12giu2025 20:44:30.955] [Render thread/WARN] [net.minecraft.client.sounds.SoundEngine/]: Missing sound for event: minecraft:block.leaf_litter.place
[12giu2025 20:44:30.955] [Render thread/WARN] [net.minecraft.client.sounds.SoundEngine/]: Missing sound for event: minecraft:block.leaf_litter.hit
[12giu2025 20:44:30.955] [Render thread/WARN] [net.minecraft.client.sounds.SoundEngine/]: Missing sound for event: minecraft:block.leaf_litter.fall
[12giu2025 20:44:30.955] [Render thread/WARN] [net.minecraft.client.sounds.SoundEngine/]: Missing sound for event: minecraft:block.pale_hanging_moss.idle
[12giu2025 20:44:30.955] [Render thread/WARN] [net.minecraft.client.sounds.SoundEngine/]: Missing sound for event: minecraft:entity.parrot.imitate.creaking
[12giu2025 20:44:30.955] [Render thread/WARN] [net.minecraft.client.sounds.SoundEngine/]: Missing sound for event: minecraft:block.sand.idle
[12giu2025 20:44:30.955] [Render thread/WARN] [net.minecraft.client.sounds.SoundEngine/]: Missing sound for event: minecraft:block.sand.wind
[12giu2025 20:44:30.957] [Render thread/WARN] [net.minecraft.client.sounds.SoundEngine/]: Missing sound for event: minecraft:block.spawner.fall
[12giu2025 20:44:30.957] [Render thread/WARN] [net.minecraft.client.sounds.SoundEngine/]: Missing sound for event: minecraft:block.resin.break
[12giu2025 20:44:30.957] [Render thread/WARN] [net.minecraft.client.sounds.SoundEngine/]: Missing sound for event: minecraft:block.resin.fall
[12giu2025 20:44:30.957] [Render thread/WARN] [net.minecraft.client.sounds.SoundEngine/]: Missing sound for event: minecraft:block.resin.place
[12giu2025 20:44:30.957] [Render thread/WARN] [net.minecraft.client.sounds.SoundEngine/]: Missing sound for event: minecraft:block.resin.step
[12giu2025 20:44:30.957] [Render thread/WARN] [net.minecraft.client.sounds.SoundEngine/]: Missing sound for event: minecraft:block.resin_bricks.break
[12giu2025 20:44:30.957] [Render thread/WARN] [net.minecraft.client.sounds.SoundEngine/]: Missing sound for event: minecraft:block.resin_bricks.fall
[12giu2025 20:44:30.957] [Render thread/WARN] [net.minecraft.client.sounds.SoundEngine/]: Missing sound for event: minecraft:block.resin_bricks.hit
[12giu2025 20:44:30.957] [Render thread/WARN] [net.minecraft.client.sounds.SoundEngine/]: Missing sound for event: minecraft:block.resin_bricks.place
[12giu2025 20:44:30.957] [Render thread/WARN] [net.minecraft.client.sounds.SoundEngine/]: Missing sound for event: minecraft:block.resin_bricks.step
[12giu2025 20:44:30.957] [Render thread/WARN] [net.minecraft.client.sounds.SoundEngine/]: Missing sound for event: minecraft:entity.wolf_puglin.ambient
[12giu2025 20:44:30.957] [Render thread/WARN] [net.minecraft.client.sounds.SoundEngine/]: Missing sound for event: minecraft:entity.wolf_puglin.death
[12giu2025 20:44:30.957] [Render thread/WARN] [net.minecraft.client.sounds.SoundEngine/]: Missing sound for event: minecraft:entity.wolf_puglin.growl
[12giu2025 20:44:30.957] [Render thread/WARN] [net.minecraft.client.sounds.SoundEngine/]: Missing sound for event: minecraft:entity.wolf_puglin.hurt
[12giu2025 20:44:30.957] [Render thread/WARN] [net.minecraft.client.sounds.SoundEngine/]: Missing sound for event: minecraft:entity.wolf_puglin.pant
[12giu2025 20:44:30.957] [Render thread/WARN] [net.minecraft.client.sounds.SoundEngine/]: Missing sound for event: minecraft:entity.wolf_puglin.whine
[12giu2025 20:44:30.957] [Render thread/WARN] [net.minecraft.client.sounds.SoundEngine/]: Missing sound for event: minecraft:entity.wolf_sad.ambient
[12giu2025 20:44:30.957] [Render thread/WARN] [net.minecraft.client.sounds.SoundEngine/]: Missing sound for event: minecraft:entity.wolf_sad.death
[12giu2025 20:44:30.957] [Render thread/WARN] [net.minecraft.client.sounds.SoundEngine/]: Missing sound for event: minecraft:entity.wolf_sad.growl
[12giu2025 20:44:30.957] [Render thread/WARN] [net.minecraft.client.sounds.SoundEngine/]: Missing sound for event: minecraft:entity.wolf_sad.hurt
[12giu2025 20:44:30.957] [Render thread/WARN] [net.minecraft.client.sounds.SoundEngine/]: Missing sound for event: minecraft:entity.wolf_sad.pant
[12giu2025 20:44:30.957] [Render thread/WARN] [net.minecraft.client.sounds.SoundEngine/]: Missing sound for event: minecraft:entity.wolf_sad.whine
[12giu2025 20:44:30.957] [Render thread/WARN] [net.minecraft.client.sounds.SoundEngine/]: Missing sound for event: minecraft:entity.wolf_angry.ambient
[12giu2025 20:44:30.957] [Render thread/WARN] [net.minecraft.client.sounds.SoundEngine/]: Missing sound for event: minecraft:entity.wolf_angry.death
[12giu2025 20:44:30.957] [Render thread/WARN] [net.minecraft.client.sounds.SoundEngine/]: Missing sound for event: minecraft:entity.wolf_angry.growl
[12giu2025 20:44:30.957] [Render thread/WARN] [net.minecraft.client.sounds.SoundEngine/]: Missing sound for event: minecraft:entity.wolf_angry.hurt
[12giu2025 20:44:30.957] [Render thread/WARN] [net.minecraft.client.sounds.SoundEngine/]: Missing sound for event: minecraft:entity.wolf_angry.pant
[12giu2025 20:44:30.957] [Render thread/WARN] [net.minecraft.client.sounds.SoundEngine/]: Missing sound for event: minecraft:entity.wolf_angry.whine
[12giu2025 20:44:30.957] [Render thread/WARN] [net.minecraft.client.sounds.SoundEngine/]: Missing sound for event: minecraft:entity.wolf_grumpy.ambient
[12giu2025 20:44:30.957] [Render thread/WARN] [net.minecraft.client.sounds.SoundEngine/]: Missing sound for event: minecraft:entity.wolf_grumpy.death
[12giu2025 20:44:30.957] [Render thread/WARN] [net.minecraft.client.sounds.SoundEngine/]: Missing sound for event: minecraft:entity.wolf_grumpy.growl
[12giu2025 20:44:30.957] [Render thread/WARN] [net.minecraft.client.sounds.SoundEngine/]: Missing sound for event: minecraft:entity.wolf_grumpy.hurt
[12giu2025 20:44:30.957] [Render thread/WARN] [net.minecraft.client.sounds.SoundEngine/]: Missing sound for event: minecraft:entity.wolf_grumpy.pant
[12giu2025 20:44:30.958] [Render thread/WARN] [net.minecraft.client.sounds.SoundEngine/]: Missing sound for event: minecraft:entity.wolf_grumpy.whine
[12giu2025 20:44:30.958] [Render thread/WARN] [net.minecraft.client.sounds.SoundEngine/]: Missing sound for event: minecraft:entity.wolf_big.ambient
[12giu2025 20:44:30.958] [Render thread/WARN] [net.minecraft.client.sounds.SoundEngine/]: Missing sound for event: minecraft:entity.wolf_big.death
[12giu2025 20:44:30.958] [Render thread/WARN] [net.minecraft.client.sounds.SoundEngine/]: Missing sound for event: minecraft:entity.wolf_big.growl
[12giu2025 20:44:30.958] [Render thread/WARN] [net.minecraft.client.sounds.SoundEngine/]: Missing sound for event: minecraft:entity.wolf_big.hurt
[12giu2025 20:44:30.958] [Render thread/WARN] [net.minecraft.client.sounds.SoundEngine/]: Missing sound for event: minecraft:entity.wolf_big.pant
[12giu2025 20:44:30.958] [Render thread/WARN] [net.minecraft.client.sounds.SoundEngine/]: Missing sound for event: minecraft:entity.wolf_big.whine
[12giu2025 20:44:30.958] [Render thread/WARN] [net.minecraft.client.sounds.SoundEngine/]: Missing sound for event: minecraft:entity.wolf_cute.ambient
[12giu2025 20:44:30.958] [Render thread/WARN] [net.minecraft.client.sounds.SoundEngine/]: Missing sound for event: minecraft:entity.wolf_cute.death
[12giu2025 20:44:30.958] [Render thread/WARN] [net.minecraft.client.sounds.SoundEngine/]: Missing sound for event: minecraft:entity.wolf_cute.growl
[12giu2025 20:44:30.958] [Render thread/WARN] [net.minecraft.client.sounds.SoundEngine/]: Missing sound for event: minecraft:entity.wolf_cute.hurt
[12giu2025 20:44:30.958] [Render thread/WARN] [net.minecraft.client.sounds.SoundEngine/]: Missing sound for event: minecraft:entity.wolf_cute.pant
[12giu2025 20:44:30.958] [Render thread/WARN] [net.minecraft.client.sounds.SoundEngine/]: Missing sound for event: minecraft:entity.wolf_cute.whine
[12giu2025 20:44:31.113] [Render thread/INFO] [com.mojang.blaze3d.audio.Library/]: OpenAL initialized on device OpenAL Soft on Altoparlanti (Maonocaster G1 Neo)
[12giu2025 20:44:31.113] [Render thread/INFO] [net.minecraft.client.sounds.SoundEngine/SOUNDS]: Sound engine started
[12giu2025 20:44:31.209] [Render thread/INFO] [net.minecraft.client.renderer.texture.TextureAtlas/]: Created: 1024x512x4 minecraft:textures/atlas/blocks.png-atlas
[12giu2025 20:44:31.300] [Render thread/INFO] [net.minecraft.client.renderer.texture.TextureAtlas/]: Created: 256x256x4 minecraft:textures/atlas/signs.png-atlas
[12giu2025 20:44:31.302] [Render thread/INFO] [net.minecraft.client.renderer.texture.TextureAtlas/]: Created: 512x512x4 minecraft:textures/atlas/shield_patterns.png-atlas
[12giu2025 20:44:31.305] [Render thread/INFO] [net.minecraft.client.renderer.texture.TextureAtlas/]: Created: 512x512x4 minecraft:textures/atlas/banner_patterns.png-atlas
[12giu2025 20:44:31.308] [Render thread/INFO] [net.minecraft.client.renderer.texture.TextureAtlas/]: Created: 2048x1024x4 minecraft:textures/atlas/armor_trims.png-atlas
[12giu2025 20:44:31.337] [Render thread/INFO] [net.minecraft.client.renderer.texture.TextureAtlas/]: Created: 128x64x4 minecraft:textures/atlas/decorated_pot.png-atlas
[12giu2025 20:44:31.339] [Render thread/INFO] [net.minecraft.client.renderer.texture.TextureAtlas/]: Created: 256x256x4 minecraft:textures/atlas/chest.png-atlas
[12giu2025 20:44:31.340] [Render thread/INFO] [net.minecraft.client.renderer.texture.TextureAtlas/]: Created: 512x256x4 minecraft:textures/atlas/beds.png-atlas
[12giu2025 20:44:31.342] [Render thread/INFO] [net.minecraft.client.renderer.texture.TextureAtlas/]: Created: 512x256x4 minecraft:textures/atlas/shulker_boxes.png-atlas
[12giu2025 20:44:31.345] [Render thread/INFO] [net.minecraft.client.renderer.texture.TextureAtlas/]: Created: 64x64x0 minecraft:textures/atlas/map_decorations.png-atlas
[12giu2025 20:44:31.470] [Render thread/INFO] [net.minecraft.client.renderer.texture.TextureAtlas/]: Created: 512x256x0 minecraft:textures/atlas/particles.png-atlas
[12giu2025 20:44:31.483] [Render thread/INFO] [net.minecraft.client.renderer.texture.TextureAtlas/]: Created: 512x256x0 minecraft:textures/atlas/paintings.png-atlas
[12giu2025 20:44:31.485] [Render thread/INFO] [net.minecraft.client.renderer.texture.TextureAtlas/]: Created: 256x128x0 minecraft:textures/atlas/mob_effects.png-atlas
[12giu2025 20:44:31.485] [Render thread/INFO] [net.minecraft.client.renderer.texture.TextureAtlas/]: Created: 1024x1024x0 minecraft:textures/atlas/gui.png-atlas
[12giu2025 20:44:31.504] [Render thread/INFO] [net.neoforged.neoforge.client.entity.animation.json.AnimationLoader/]: Loaded 0 entity animations
[12giu2025 20:44:33.553] [Render thread/INFO] [com.mojang.blaze3d.opengl.GlDebug/]: OpenGL debug message: id=1282, source=API, type=ERROR, severity=HIGH, message='Error has been generated. GL error GL_INVALID_OPERATION in (null): (ID: 173538523) Generic error'
[12giu2025 20:44:33.553] [Render thread/INFO] [com.mojang.blaze3d.opengl.GlDebug/]: OpenGL debug message: id=1282, source=API, type=ERROR, severity=HIGH, message='Error has been generated. GL error GL_INVALID_OPERATION in (null): (ID: 173538523) Generic error'
[12giu2025 20:44:33.555] [Render thread/INFO] [com.mojang.blaze3d.opengl.GlDebug/]: OpenGL debug message: id=1282, source=API, type=ERROR, severity=HIGH, message='Error has been generated. GL error GL_INVALID_OPERATION in (null): (ID: 173538523) Generic error'
[12giu2025 20:44:33.555] [Render thread/INFO] [com.mojang.blaze3d.opengl.GlDebug/]: OpenGL debug message: id=1282, source=API, type=ERROR, severity=HIGH, message='Error has been generated. GL error GL_INVALID_OPERATION in (null): (ID: 173538523) Generic error'
[12giu2025 20:44:33.564] [Render thread/INFO] [com.mojang.blaze3d.opengl.GlDebug/]: OpenGL debug message: id=1282, source=API, type=ERROR, severity=HIGH, message='Error has been generated. GL error GL_INVALID_OPERATION in (null): (ID: 173538523) Generic error'
[12giu2025 20:44:36.471] [Render thread/INFO] [com.mojang.blaze3d.opengl.GlDebug/]: OpenGL debug message: id=1282, source=API, type=ERROR, severity=HIGH, message='Error has been generated. GL error GL_INVALID_OPERATION in (null): (ID: 173538523) Generic error'
[12giu2025 20:44:36.598] [Render thread/INFO] [com.mojang.blaze3d.opengl.GlDebug/]: OpenGL debug message: id=1282, source=API, type=ERROR, severity=HIGH, message='Error has been generated. GL error GL_INVALID_OPERATION in (null): (ID: 173538523) Generic error'
[12giu2025 20:44:37.935] [Render thread/INFO] [net.minecraft.world.item.crafting.RecipeManager/]: Loaded 1383 recipes
[12giu2025 20:44:37.947] [Render thread/INFO] [net.minecraft.advancements.AdvancementTree/]: Loaded 1494 advancements
[12giu2025 20:44:37.948] [Render thread/INFO] [net.neoforged.neoforge.common.crafting.RecipePriorityManager/]: Loaded 0 recipe priority overrides
[12giu2025 20:44:38.099] [Server thread/INFO] [net.minecraft.client.server.IntegratedServer/]: Starting integrated minecraft server version 1.21.5
[12giu2025 20:44:38.099] [Server thread/INFO] [net.minecraft.server.MinecraftServer/]: Generating keypair
[12giu2025 20:44:38.205] [Render thread/INFO] [com.mojang.blaze3d.opengl.GlDebug/]: OpenGL debug message: id=1282, source=API, type=ERROR, severity=HIGH, message='Error has been generated. GL error GL_INVALID_OPERATION in (null): (ID: 173538523) Generic error'
[12giu2025 20:44:38.581] [Server thread/INFO] [net.minecraft.server.MinecraftServer/]: Preparing start region for dimension minecraft:overworld
[12giu2025 20:44:39.184] [progressListener/INFO] [net.minecraft.server.level.progress.LoggerChunkProgressListener/]: Preparing spawn area: 0%
[12giu2025 20:44:39.184] [progressListener/INFO] [net.minecraft.server.level.progress.LoggerChunkProgressListener/]: Preparing spawn area: 0%
[12giu2025 20:44:39.351] [progressListener/INFO] [net.minecraft.server.level.progress.LoggerChunkProgressListener/]: Time elapsed: 754 ms
[12giu2025 20:44:39.352] [Server thread/INFO] [net.neoforged.neoforge.server.permission.PermissionAPI/]: Successfully initialized permission handler neoforge:default_handler
[12giu2025 20:44:39.429] [Server thread/INFO] [net.minecraft.client.server.IntegratedServer/]: Changing view distance to 12, from 10
[12giu2025 20:44:39.429] [Server thread/INFO] [net.minecraft.client.server.IntegratedServer/]: Changing simulation distance to 12, from 0
[12giu2025 20:44:40.348] [Server thread/INFO] [net.minecraft.server.players.PlayerList/]: Dev[local:E:16da17cd] logged in with entity id 85 at (-3.5, 89.0, 0.5)
[12giu2025 20:44:40.419] [Server thread/INFO] [net.minecraft.server.MinecraftServer/]: Dev joined the game
[12giu2025 20:44:40.561] [Render thread/WARN] [REI/]: [REI] Found 1 existing reload task(s) after trying to terminate them!
[12giu2025 20:44:40.609] [Render thread/INFO] [net.minecraft.advancements.AdvancementTree/]: Loaded 2 advancements
[12giu2025 20:44:40.649] [REI-ReloadPlugins/INFO] [REI/]: [REI] %%%%%%%%%%%%%%%%%%%%%%%%%%%%%%%%%%%%%%%%
[12giu2025 20:44:40.649] [REI-ReloadPlugins/INFO] [REI/]: [REI] REICommonPlugin starting main-reload for START.
[12giu2025 20:44:40.650] [REI-ReloadPlugins/INFO] [REI/]: [REI] Plugins (2):
[12giu2025 20:44:40.650] [REI-ReloadPlugins/INFO] [REI/]: [REI]  - (-100,00) DefaultPluginImpl of DefaultPluginImpl [roughlyenoughitems]
[12giu2025 20:44:40.650] [REI-ReloadPlugins/INFO] [REI/]: [REI]  - (0,00) DefaultRuntimePlugin of DefaultRuntimePlugin [roughlyenoughitems]
[12giu2025 20:44:40.651] [REI-ReloadPlugins/INFO] [REI/]: [REI] %%%%%%%%%%%%%%%%%%%%%%%%%%%%%%%%%%%%%%%%
[12giu2025 20:44:41.010] [REI-ReloadPlugins/INFO] [REI/]: [REI] ========================================
[12giu2025 20:44:41.010] [REI-ReloadPlugins/INFO] [REI/]: [REI] REIClientPlugin starting main-reload for START.
[12giu2025 20:44:41.011] [REI-ReloadPlugins/INFO] [REI/]: [REI] Plugins (3):
[12giu2025 20:44:41.011] [REI-ReloadPlugins/INFO] [REI/]: [REI]  - (-100,00) DefaultClientPluginImpl of DefaultClientPluginImpl [roughlyenoughitems]
[12giu2025 20:44:41.011] [REI-ReloadPlugins/INFO] [REI/]: [REI]  - (0,00) HideIngredientsFromTagsPlugin of HideIngredientsFromTagsPlugin [roughlyenoughitems]
[12giu2025 20:44:41.012] [REI-ReloadPlugins/INFO] [REI/]: [REI]  - (0,00) DefaultClientRuntimePlugin of DefaultClientRuntimePlugin [roughlyenoughitems]
[12giu2025 20:44:41.012] [REI-ReloadPlugins/INFO] [REI/]: [REI] ========================================
[12giu2025 20:44:41.673] [REI-ReloadPlugins/INFO] [REI/]: [REI] REICommonPlugin finished post-reload for START in 3.989 ms, totaling 431.2 ms.
[12giu2025 20:44:41.676] [REI-ReloadPlugins/INFO] [REI/]: [REI] REIClientPlugin finished post-reload for START in 1.748 ms, totaling 661.4 ms.
[12giu2025 20:44:41.680] [Render thread/INFO] [com.mojang.blaze3d.opengl.GlDebug/]: OpenGL debug message: id=1282, source=API, type=ERROR, severity=HIGH, message='Error has been generated. GL error GL_INVALID_OPERATION in (null): (ID: 173538523) Generic error'
[12giu2025 20:44:41.682] [REI-ReloadPlugins/INFO] [REI/]: [REI] ****************************************
[12giu2025 20:44:41.682] [REI-ReloadPlugins/INFO] [REI/]: [REI] REICommonPlugin starting main-reload for END.
[12giu2025 20:44:41.683] [REI-ReloadPlugins/INFO] [REI/]: [REI] Plugins (2):
[12giu2025 20:44:41.683] [REI-ReloadPlugins/INFO] [REI/]: [REI]  - (-100,00) DefaultPluginImpl of DefaultPluginImpl [roughlyenoughitems]
[12giu2025 20:44:41.683] [REI-ReloadPlugins/INFO] [REI/]: [REI]  - (0,00) DefaultRuntimePlugin of DefaultRuntimePlugin [roughlyenoughitems]
[12giu2025 20:44:41.683] [REI-ReloadPlugins/INFO] [REI/]: [REI] ****************************************
[12giu2025 20:44:41.684] [Render thread/INFO] [com.mojang.blaze3d.opengl.GlDebug/]: OpenGL debug message: id=1282, source=API, type=ERROR, severity=HIGH, message='Error has been generated. GL error GL_INVALID_OPERATION in (null): (ID: 173538523) Generic error'
[12giu2025 20:44:41.836] [Render thread/INFO] [com.mojang.blaze3d.opengl.GlDebug/]: OpenGL debug message: id=1282, source=API, type=ERROR, severity=HIGH, message='Error has been generated. GL error GL_INVALID_OPERATION in (null): (ID: 173538523) Generic error'
[12giu2025 20:44:41.839] [REI-ReloadPlugins/INFO] [REI/]: [REI] ########################################
[12giu2025 20:44:41.839] [REI-ReloadPlugins/INFO] [REI/]: [REI] REIClientPlugin starting main-reload for END.
[12giu2025 20:44:41.840] [REI-ReloadPlugins/INFO] [REI/]: [REI] Plugins (3):
[12giu2025 20:44:41.840] [REI-ReloadPlugins/INFO] [REI/]: [REI]  - (-100,00) DefaultClientPluginImpl of DefaultClientPluginImpl [roughlyenoughitems]
[12giu2025 20:44:41.840] [REI-ReloadPlugins/INFO] [REI/]: [REI]  - (0,00) HideIngredientsFromTagsPlugin of HideIngredientsFromTagsPlugin [roughlyenoughitems]
[12giu2025 20:44:41.840] [REI-ReloadPlugins/INFO] [REI/]: [REI]  - (0,00) DefaultClientRuntimePlugin of DefaultClientRuntimePlugin [roughlyenoughitems]
[12giu2025 20:44:41.840] [REI-ReloadPlugins/INFO] [REI/]: [REI] ########################################
[12giu2025 20:44:42.074] [Render thread/INFO] [com.mojang.blaze3d.opengl.GlDebug/]: OpenGL debug message: id=1282, source=API, type=ERROR, severity=HIGH, message='Error has been generated. GL error GL_INVALID_OPERATION in (null): (ID: 173538523) Generic error'
[12giu2025 20:44:42.245] [Render thread/INFO] [com.mojang.blaze3d.opengl.GlDebug/]: OpenGL debug message: id=1282, source=API, type=ERROR, severity=HIGH, message='Error has been generated. GL error GL_INVALID_OPERATION in (null): (ID: 173538523) Generic error'
[12giu2025 20:44:42.246] [Render thread/INFO] [com.mojang.blaze3d.opengl.GlDebug/]: OpenGL debug message: id=1282, source=API, type=ERROR, severity=HIGH, message='Error has been generated. GL error GL_INVALID_OPERATION in (null): (ID: 173538523) Generic error'
[12giu2025 20:44:42.257] [Render thread/INFO] [com.mojang.blaze3d.opengl.GlDebug/]: OpenGL debug message: id=1282, source=API, type=ERROR, severity=HIGH, message='Error has been generated. GL error GL_INVALID_OPERATION in (null): (ID: 173538523) Generic error'
[12giu2025 20:44:42.839] [REI-ReloadPlugins/INFO] [REI/]: [REI] REICommonPlugin finished post-reload for END in 1.263 ms, totaling 159.0 ms.
[12giu2025 20:44:42.854] [REI-ReloadPlugins/INFO] [REI/]: [REI] REIClientPlugin finished post-reload for END in 11.43 ms, totaling 1.009 s.
[12giu2025 20:44:43.125] [Render thread/INFO] [com.mojang.blaze3d.opengl.GlDebug/]: OpenGL debug message: id=1282, source=API, type=ERROR, severity=HIGH, message='Error has been generated. GL error GL_INVALID_OPERATION in (null): (ID: 173538523) Generic error'
[12giu2025 20:44:43.962] [Render thread/INFO] [com.mojang.blaze3d.opengl.GlDebug/]: OpenGL debug message: id=1282, source=API, type=ERROR, severity=HIGH, message='Error has been generated. GL error GL_INVALID_OPERATION in (null): (ID: 173538523) Generic error'
[12giu2025 20:44:44.142] [Render thread/INFO] [REI/]: [REI] [REI Server Display Sync] Received server's request to set 1761 recipes.
[12giu2025 20:44:44.173] [Render thread/INFO] [com.mojang.blaze3d.opengl.GlDebug/]: OpenGL debug message: id=1282, source=API, type=ERROR, severity=HIGH, message='Error has been generated. GL error GL_INVALID_OPERATION in (null): (ID: 173538523) Generic error'
[12giu2025 20:44:44.258] [Render thread/INFO] [com.mojang.blaze3d.opengl.GlDebug/]: OpenGL debug message: id=1282, source=API, type=ERROR, severity=HIGH, message='Error has been generated. GL error GL_INVALID_OPERATION in (null): (ID: 173538523) Generic error'
[12giu2025 20:44:44.368] [Render thread/INFO] [com.mojang.blaze3d.opengl.GlDebug/]: OpenGL debug message: id=1282, source=API, type=ERROR, severity=HIGH, message='Error has been generated. GL error GL_INVALID_OPERATION in (null): (ID: 173538523) Generic error'
[12giu2025 20:44:44.761] [Render thread/INFO] [com.mojang.blaze3d.opengl.GlDebug/]: OpenGL debug message: id=1282, source=API, type=ERROR, severity=HIGH, message='Error has been generated. GL error GL_INVALID_OPERATION in (null): (ID: 173538523) Generic error'
[12giu2025 20:44:44.815] [Render thread/INFO] [com.mojang.blaze3d.opengl.GlDebug/]: OpenGL debug message: id=1282, source=API, type=ERROR, severity=HIGH, message='Error has been generated. GL error GL_INVALID_OPERATION in (null): (ID: 173538523) Generic error'
[12giu2025 20:44:44.859] [Render thread/WARN] [REI/]: [REI] Detected runtime DisplayRegistry modification, this can be extremely dangerous!
[12giu2025 20:44:44.873] [Render thread/INFO] [com.mojang.blaze3d.opengl.GlDebug/]: OpenGL debug message: id=1282, source=API, type=ERROR, severity=HIGH, message='Error has been generated. GL error GL_INVALID_OPERATION in (null): (ID: 173538523) Generic error'
[12giu2025 20:44:45.309] [Render thread/INFO] [com.mojang.blaze3d.opengl.GlDebug/]: OpenGL debug message: id=1282, source=API, type=ERROR, severity=HIGH, message='Error has been generated. GL error GL_INVALID_OPERATION in (null): (ID: 173538523) Generic error'
[12giu2025 20:44:45.363] [Render thread/INFO] [com.mojang.blaze3d.opengl.GlDebug/]: OpenGL debug message: id=1282, source=API, type=ERROR, severity=HIGH, message='Error has been generated. GL error GL_INVALID_OPERATION in (null): (ID: 173538523) Generic error'
[12giu2025 20:44:45.427] [Render thread/INFO] [com.mojang.blaze3d.opengl.GlDebug/]: OpenGL debug message: id=1282, source=API, type=ERROR, severity=HIGH, message='Error has been generated. GL error GL_INVALID_OPERATION in (null): (ID: 173538523) Generic error'
[12giu2025 20:44:45.509] [Render thread/INFO] [com.mojang.blaze3d.opengl.GlDebug/]: OpenGL debug message: id=1282, source=API, type=ERROR, severity=HIGH, message='Error has been generated. GL error GL_INVALID_OPERATION in (null): (ID: 173538523) Generic error'
[12giu2025 20:44:46.063] [Render thread/INFO] [com.mojang.blaze3d.opengl.GlDebug/]: OpenGL debug message: id=1282, source=API, type=ERROR, severity=HIGH, message='Error has been generated. GL error GL_INVALID_OPERATION in (null): (ID: 173538523) Generic error'
[12giu2025 20:44:46.115] [Render thread/INFO] [com.mojang.blaze3d.opengl.GlDebug/]: OpenGL debug message: id=1282, source=API, type=ERROR, severity=HIGH, message='Error has been generated. GL error GL_INVALID_OPERATION in (null): (ID: 173538523) Generic error'
[12giu2025 20:44:48.050] [Server thread/INFO] [net.minecraft.server.MinecraftServer/]: [Dev: Set own game mode to Survival Mode]
[12giu2025 20:44:48.064] [Render thread/INFO] [com.mojang.blaze3d.opengl.GlDebug/]: OpenGL debug message: id=1282, source=API, type=ERROR, severity=HIGH, message='Error has been generated. GL error GL_INVALID_OPERATION in (null): (ID: 173538523) Generic error'
[12giu2025 20:44:48.074] [Render thread/INFO] [net.minecraft.client.gui.components.ChatComponent/]: [System] [CHAT] Set own game mode to Survival Mode
[12giu2025 20:44:52.135] [Render thread/INFO] [net.minecraft.client.gui.components.ChatComponent/]: [System] [CHAT] [Debug]: Advanced tooltips: shown
[12giu2025 20:44:52.977] [Render thread/INFO] [com.mojang.blaze3d.opengl.GlDebug/]: OpenGL debug message: id=1282, source=API, type=ERROR, severity=HIGH, message='Error has been generated. GL error GL_INVALID_OPERATION in (null): (ID: 173538523) Generic error'
[12giu2025 20:44:53.039] [Render thread/INFO] [com.mojang.blaze3d.opengl.GlDebug/]: OpenGL debug message: id=1282, source=API, type=ERROR, severity=HIGH, message='Error has been generated. GL error GL_INVALID_OPERATION in (null): (ID: 173538523) Generic error'
[12giu2025 20:44:57.278] [Render thread/INFO] [com.mojang.blaze3d.opengl.GlDebug/]: OpenGL debug message: id=1282, source=API, type=ERROR, severity=HIGH, message='Error has been generated. GL error GL_INVALID_OPERATION in (null): (ID: 173538523) Generic error'
[12giu2025 20:44:57.980] [Render thread/INFO] [com.mojang.blaze3d.opengl.GlDebug/]: OpenGL debug message: id=1282, source=API, type=ERROR, severity=HIGH, message='Error has been generated. GL error GL_INVALID_OPERATION in (null): (ID: 173538523) Generic error'
[12giu2025 20:44:58.964] [Render thread/INFO] [com.mojang.blaze3d.opengl.GlDebug/]: OpenGL debug message: id=1282, source=API, type=ERROR, severity=HIGH, message='Error has been generated. GL error GL_INVALID_OPERATION in (null): (ID: 173538523) Generic error'
